2026.05.11 11:40:36 INFO  Started: Metals version 1.6.7 in folders 'C:\Users\nicol\Downloads\OpenTelemetry 2\OpenTelemetry' for client Visual Studio Code 1.118.1.
2026.05.11 11:40:36 INFO  Memory monitor started
2026.05.11 11:40:38 WARN  Using H2 2.4.240 which is newer than the version Flyway has been verified with. The latest verified version of H2 is 2.3.232.
2026.05.11 11:40:39 INFO  restarted 0 presentation compilers
may. 11, 2026 11:40:51 A. M. org.eclipse.lsp4j.jsonrpc.services.GenericEndpoint notify
INFO: Unsupported notification method: $/setTrace
may. 11, 2026 11:40:51 A. M. org.eclipse.lsp4j.jsonrpc.services.GenericEndpoint notify
INFO: Unsupported notification method: $/setTrace
may. 11, 2026 11:41:21 A. M. org.eclipse.lsp4j.jsonrpc.services.GenericEndpoint notify
INFO: Unsupported notification method: $/setTrace
may. 11, 2026 11:41:24 A. M. org.eclipse.lsp4j.jsonrpc.services.GenericEndpoint notify
INFO: Unsupported notification method: $/setTrace
may. 11, 2026 11:41:26 A. M. org.eclipse.lsp4j.jsonrpc.services.GenericEndpoint notify
INFO: Unsupported notification method: $/setTrace
2026.05.11 11:54:16 WARN  no build target for: C:\Users\nicol\Downloads\OpenTelemetry 2\OpenTelemetry\parte0-JaegerCourseApp\src\main\java\com\futurex\services\FutureXCourseApp\OpenTelemetryConfig.java
2026.05.11 11:54:16 INFO  no build target found for C:\Users\nicol\Downloads\OpenTelemetry 2\OpenTelemetry\parte0-JaegerCourseApp\src\main\java\com\futurex\services\FutureXCourseApp\OpenTelemetryConfig.java. Using fallback presentation compiler.
2026.05.11 11:54:17 WARN  Running javac-semanticdb failed for file:///C:/Users/nicol/Downloads/OpenTelemetry%202/OpenTelemetry/parte0-JaegerCourseApp/src/main/java/com/futurex/services/FutureXCourseApp/OpenTelemetryConfig.java. Output:

2026.05.11 11:54:17 INFO  no build target found for C:\Users\nicol\Downloads\OpenTelemetry 2\OpenTelemetry\parte0-JaegerCourseApp\src\main\java\com\futurex\services\FutureXCourseApp\OpenTelemetryConfig.java. Using fallback presentation compiler.
may. 11, 2026 11:54:17 A. M. org.eclipse.lsp4j.jsonrpc.RemoteEndpoint handleCancellation
WARNING: Unmatched cancel notification for request id 6
2026.05.11 11:54:17 INFO  no build target found for C:\Users\nicol\Downloads\OpenTelemetry 2\OpenTelemetry\parte0-JaegerCourseApp\src\main\java\com\futurex\services\FutureXCourseApp\OpenTelemetryConfig.java. Using fallback presentation compiler.
2026.05.11 11:54:17 INFO  no build target found for C:\Users\nicol\Downloads\OpenTelemetry 2\OpenTelemetry\parte0-JaegerCourseApp\src\main\java\com\futurex\services\FutureXCourseApp\OpenTelemetryConfig.java. Using fallback presentation compiler.
2026.05.11 11:54:17 INFO  no build target found for C:\Users\nicol\Downloads\OpenTelemetry 2\OpenTelemetry\parte0-JaegerCourseApp\src\main\java\com\futurex\services\FutureXCourseApp\OpenTelemetryConfig.java. Using fallback presentation compiler.
may. 11, 2026 11:54:18 A. M. org.eclipse.lsp4j.jsonrpc.RemoteEndpoint handleCancellation
WARNING: Unmatched cancel notification for request id 14
may. 11, 2026 11:54:18 A. M. org.eclipse.lsp4j.jsonrpc.RemoteEndpoint handleCancellation
WARNING: Unmatched cancel notification for request id 10
2026.05.11 11:54:17 INFO  no build target found for C:\Users\nicol\Downloads\OpenTelemetry 2\OpenTelemetry\parte0-JaegerCourseApp\src\main\java\com\futurex\services\FutureXCourseApp\OpenTelemetryConfig.java. Using fallback presentation compiler.
may. 11, 2026 11:54:18 A. M. org.eclipse.lsp4j.jsonrpc.RemoteEndpoint handleCancellation
WARNING: Unmatched cancel notification for request id 9
may. 11, 2026 11:54:18 A. M. org.eclipse.lsp4j.jsonrpc.RemoteEndpoint handleCancellation
WARNING: Unmatched cancel notification for request id 16
2026.05.11 11:54:17 INFO  no build target found for C:\Users\nicol\Downloads\OpenTelemetry 2\OpenTelemetry\parte0-JaegerCourseApp\src\main\java\com\futurex\services\FutureXCourseApp\OpenTelemetryConfig.java. Using fallback presentation compiler.
may. 11, 2026 11:54:18 A. M. org.eclipse.lsp4j.jsonrpc.RemoteEndpoint handleCancellation
WARNING: Unmatched cancel notification for request id 18
2026.05.11 11:54:19 INFO  no build target found for C:\Users\nicol\Downloads\OpenTelemetry 2\OpenTelemetry\parte0-JaegerCourseApp\src\main\java\com\futurex\services\FutureXCourseApp\OpenTelemetryConfig.java. Using fallback presentation compiler.
2026.05.11 11:54:21 INFO  no build target found for C:\Users\nicol\Downloads\OpenTelemetry 2\OpenTelemetry\parte0-JaegerCourseApp\src\main\java\com\futurex\services\FutureXCourseApp\OpenTelemetryConfig.java. Using fallback presentation compiler.
2026.05.11 11:54:21 INFO  no build target found for C:\Users\nicol\Downloads\OpenTelemetry 2\OpenTelemetry\parte0-JaegerCourseApp\src\main\java\com\futurex\services\FutureXCourseApp\OpenTelemetryConfig.java. Using fallback presentation compiler.
2026.05.11 11:54:21 INFO  no build target found for C:\Users\nicol\Downloads\OpenTelemetry 2\OpenTelemetry\parte0-JaegerCourseApp\src\main\java\com\futurex\services\FutureXCourseApp\OpenTelemetryConfig.java. Using fallback presentation compiler.
2026.05.11 11:54:25 INFO  no build target found for C:\Users\nicol\Downloads\OpenTelemetry 2\OpenTelemetry\parte0-JaegerCourseApp\src\main\java\com\futurex\services\FutureXCourseApp\OpenTelemetryConfig.java. Using fallback presentation compiler.
2026.05.11 11:54:25 INFO  no build target found for C:\Users\nicol\Downloads\OpenTelemetry 2\OpenTelemetry\parte0-JaegerCourseApp\src\main\java\com\futurex\services\FutureXCourseApp\OpenTelemetryConfig.java. Using fallback presentation compiler.
2026.05.11 11:54:25 INFO  no build target found for C:\Users\nicol\Downloads\OpenTelemetry 2\OpenTelemetry\parte0-JaegerCourseApp\src\main\java\com\futurex\services\FutureXCourseApp\OpenTelemetryConfig.java. Using fallback presentation compiler.
2026.05.11 11:54:31 INFO  no build target found for C:\Users\nicol\Downloads\OpenTelemetry 2\OpenTelemetry\parte0-JaegerCourseApp\src\main\java\com\futurex\services\FutureXCourseApp\OpenTelemetryConfig.java. Using fallback presentation compiler.
2026.05.11 11:54:31 INFO  no build target found for C:\Users\nicol\Downloads\OpenTelemetry 2\OpenTelemetry\parte0-JaegerCourseApp\src\main\java\com\futurex\services\FutureXCourseApp\OpenTelemetryConfig.java. Using fallback presentation compiler.
2026.05.11 11:54:31 INFO  no build target found for C:\Users\nicol\Downloads\OpenTelemetry 2\OpenTelemetry\parte0-JaegerCourseApp\src\main\java\com\futurex\services\FutureXCourseApp\OpenTelemetryConfig.java. Using fallback presentation compiler.
2026.05.11 11:54:36 INFO  no build target found for C:\Users\nicol\Downloads\OpenTelemetry 2\OpenTelemetry\parte0-JaegerCourseApp\src\main\java\com\futurex\services\FutureXCourseApp\OpenTelemetryConfig.java. Using fallback presentation compiler.
2026.05.11 11:54:36 INFO  no build target found for C:\Users\nicol\Downloads\OpenTelemetry 2\OpenTelemetry\parte0-JaegerCourseApp\src\main\java\com\futurex\services\FutureXCourseApp\OpenTelemetryConfig.java. Using fallback presentation compiler.
2026.05.11 11:54:37 INFO  no build target found for C:\Users\nicol\Downloads\OpenTelemetry 2\OpenTelemetry\parte0-JaegerCourseApp\src\main\java\com\futurex\services\FutureXCourseApp\OpenTelemetryConfig.java. Using fallback presentation compiler.
2026.05.11 11:54:37 INFO  no build target found for C:\Users\nicol\Downloads\OpenTelemetry 2\OpenTelemetry\parte0-JaegerCourseApp\src\main\java\com\futurex\services\FutureXCourseApp\OpenTelemetryConfig.java. Using fallback presentation compiler.
may. 11, 2026 11:54:37 A. M. org.eclipse.lsp4j.jsonrpc.RemoteEndpoint handleCancellation
WARNING: Unmatched cancel notification for request id 49
2026.05.11 11:54:37 INFO  no build target found for C:\Users\nicol\Downloads\OpenTelemetry 2\OpenTelemetry\parte0-JaegerCourseApp\src\main\java\com\futurex\services\FutureXCourseApp\OpenTelemetryConfig.java. Using fallback presentation compiler.
2026.05.11 11:54:49 INFO  no build target found for C:\Users\nicol\Downloads\OpenTelemetry 2\OpenTelemetry\parte0-JaegerCourseApp\src\main\java\com\futurex\services\FutureXCourseApp\OpenTelemetryConfig.java. Using fallback presentation compiler.
2026.05.11 11:54:50 WARN  no build target for: C:\Users\nicol\Downloads\OpenTelemetry 2\OpenTelemetry\part0-JaegerCourseCatalog\src\main\java\com\futurex\services\FutureXCourseCatalog\OpenTelemetryConfig.java
2026.05.11 11:54:49 INFO  no build target found for C:\Users\nicol\Downloads\OpenTelemetry 2\OpenTelemetry\part0-JaegerCourseCatalog\src\main\java\com\futurex\services\FutureXCourseCatalog\OpenTelemetryConfig.java. Using fallback presentation compiler.
2026.05.11 11:54:50 INFO  no build target found for C:\Users\nicol\Downloads\OpenTelemetry 2\OpenTelemetry\part0-JaegerCourseCatalog\src\main\java\com\futurex\services\FutureXCourseCatalog\OpenTelemetryConfig.java. Using fallback presentation compiler.
may. 11, 2026 11:54:50 A. M. org.eclipse.lsp4j.jsonrpc.RemoteEndpoint handleCancellation
WARNING: Unmatched cancel notification for request id 57
2026.05.11 11:54:49 INFO  no build target found for C:\Users\nicol\Downloads\OpenTelemetry 2\OpenTelemetry\part0-JaegerCourseCatalog\src\main\java\com\futurex\services\FutureXCourseCatalog\OpenTelemetryConfig.java. Using fallback presentation compiler.
2026.05.11 11:54:50 WARN  Running javac-semanticdb failed for file:///C:/Users/nicol/Downloads/OpenTelemetry%202/OpenTelemetry/part0-JaegerCourseCatalog/src/main/java/com/futurex/services/FutureXCourseCatalog/OpenTelemetryConfig.java. Output:

2026.05.11 11:54:49 INFO  no build target found for C:\Users\nicol\Downloads\OpenTelemetry 2\OpenTelemetry\part0-JaegerCourseCatalog\src\main\java\com\futurex\services\FutureXCourseCatalog\OpenTelemetryConfig.java. Using fallback presentation compiler.
2026.05.11 11:54:50 INFO  no build target found for C:\Users\nicol\Downloads\OpenTelemetry 2\OpenTelemetry\part0-JaegerCourseCatalog\src\main\java\com\futurex\services\FutureXCourseCatalog\OpenTelemetryConfig.java. Using fallback presentation compiler.
2026.05.11 11:54:49 INFO  no build target found for C:\Users\nicol\Downloads\OpenTelemetry 2\OpenTelemetry\part0-JaegerCourseCatalog\src\main\java\com\futurex\services\FutureXCourseCatalog\OpenTelemetryConfig.java. Using fallback presentation compiler.
2026.05.11 11:55:10 INFO  no build target found for C:\Users\nicol\Downloads\OpenTelemetry 2\OpenTelemetry\part0-JaegerCourseCatalog\src\main\java\com\futurex\services\FutureXCourseCatalog\OpenTelemetryConfig.java. Using fallback presentation compiler.
2026.05.11 11:55:10 INFO  no build target found for C:\Users\nicol\Downloads\OpenTelemetry 2\OpenTelemetry\part0-JaegerCourseCatalog\src\main\java\com\futurex\services\FutureXCourseCatalog\OpenTelemetryConfig.java. Using fallback presentation compiler.
2026.05.11 11:55:14 INFO  no build target found for C:\Users\nicol\Downloads\OpenTelemetry 2\OpenTelemetry\part0-JaegerCourseCatalog\src\main\java\com\futurex\services\FutureXCourseCatalog\OpenTelemetryConfig.java. Using fallback presentation compiler.
2026.05.11 11:55:14 WARN  no build target for: C:\Users\nicol\Downloads\OpenTelemetry 2\OpenTelemetry\parte0-JaegerCourseApp\src\main\java\com\futurex\services\FutureXCourseApp\OpenTelemetryConfig.java
2026.05.11 11:55:14 INFO  no build target found for C:\Users\nicol\Downloads\OpenTelemetry 2\OpenTelemetry\parte0-JaegerCourseApp\src\main\java\com\futurex\services\FutureXCourseApp\OpenTelemetryConfig.java. Using fallback presentation compiler.
may. 11, 2026 11:55:14 A. M. org.eclipse.lsp4j.jsonrpc.RemoteEndpoint handleCancellation
WARNING: Unmatched cancel notification for request id 86
2026.05.11 11:55:14 INFO  no build target found for C:\Users\nicol\Downloads\OpenTelemetry 2\OpenTelemetry\parte0-JaegerCourseApp\src\main\java\com\futurex\services\FutureXCourseApp\OpenTelemetryConfig.java. Using fallback presentation compiler.
2026.05.11 11:55:14 INFO  no build target found for C:\Users\nicol\Downloads\OpenTelemetry 2\OpenTelemetry\parte0-JaegerCourseApp\src\main\java\com\futurex\services\FutureXCourseApp\OpenTelemetryConfig.java. Using fallback presentation compiler.
2026.05.11 11:55:14 WARN  Running javac-semanticdb failed for file:///C:/Users/nicol/Downloads/OpenTelemetry%202/OpenTelemetry/parte0-JaegerCourseApp/src/main/java/com/futurex/services/FutureXCourseApp/OpenTelemetryConfig.java. Output:

2026.05.11 11:55:14 INFO  no build target found for C:\Users\nicol\Downloads\OpenTelemetry 2\OpenTelemetry\parte0-JaegerCourseApp\src\main\java\com\futurex\services\FutureXCourseApp\OpenTelemetryConfig.java. Using fallback presentation compiler.
2026.05.11 11:55:14 INFO  no build target found for C:\Users\nicol\Downloads\OpenTelemetry 2\OpenTelemetry\parte0-JaegerCourseApp\src\main\java\com\futurex\services\FutureXCourseApp\OpenTelemetryConfig.java. Using fallback presentation compiler.
2026.05.11 11:55:14 INFO  no build target found for C:\Users\nicol\Downloads\OpenTelemetry 2\OpenTelemetry\parte0-JaegerCourseApp\src\main\java\com\futurex\services\FutureXCourseApp\OpenTelemetryConfig.java. Using fallback presentation compiler.
may. 11, 2026 11:56:15 A. M. org.eclipse.lsp4j.jsonrpc.services.GenericEndpoint notify
INFO: Unsupported notification method: $/setTrace
2026.05.11 11:56:15 INFO  no build target found for C:\Users\nicol\Downloads\OpenTelemetry 2\OpenTelemetry\parte0-JaegerCourseApp\src\main\java\com\futurex\services\FutureXCourseApp\OpenTelemetryConfig.java. Using fallback presentation compiler.
may. 11, 2026 11:56:23 A. M. org.eclipse.lsp4j.jsonrpc.services.GenericEndpoint notify
INFO: Unsupported notification method: $/setTrace
2026.05.11 11:56:23 INFO  no build target found for C:\Users\nicol\Downloads\OpenTelemetry 2\OpenTelemetry\parte0-JaegerCourseApp\src\main\java\com\futurex\services\FutureXCourseApp\OpenTelemetryConfig.java. Using fallback presentation compiler.
may. 11, 2026 11:58:47 A. M. org.eclipse.lsp4j.jsonrpc.services.GenericEndpoint notify
INFO: Unsupported notification method: $/setTrace
2026.05.11 11:58:47 INFO  no build target found for C:\Users\nicol\Downloads\OpenTelemetry 2\OpenTelemetry\parte0-JaegerCourseApp\src\main\java\com\futurex\services\FutureXCourseApp\OpenTelemetryConfig.java. Using fallback presentation compiler.
2026.05.11 12:00:11 INFO  no build target found for C:\Users\nicol\Downloads\OpenTelemetry 2\OpenTelemetry\parte0-JaegerCourseApp\src\main\java\com\futurex\services\FutureXCourseApp\OpenTelemetryConfig.java. Using fallback presentation compiler.
2026.05.11 12:01:10 WARN  no build target for: C:\Users\nicol\Downloads\OpenTelemetry 2\OpenTelemetry\parte0-JaegerCourseApp\src\main\java\com\futurex\services\FutureXCourseApp\OpenTelemetryConfig.java
2026.05.11 12:01:10 INFO  no build target found for C:\Users\nicol\Downloads\OpenTelemetry 2\OpenTelemetry\parte0-JaegerCourseApp\src\main\java\com\futurex\services\FutureXCourseApp\OpenTelemetryConfig.java. Using fallback presentation compiler.
2026.05.11 12:01:10 INFO  no build target found for C:\Users\nicol\Downloads\OpenTelemetry 2\OpenTelemetry\parte0-JaegerCourseApp\src\main\java\com\futurex\services\FutureXCourseApp\OpenTelemetryConfig.java. Using fallback presentation compiler.
may. 11, 2026 12:01:10 P. M. org.eclipse.lsp4j.jsonrpc.RemoteEndpoint handleCancellation
WARNING: Unmatched cancel notification for request id 111
2026.05.11 12:01:10 INFO  no build target found for C:\Users\nicol\Downloads\OpenTelemetry 2\OpenTelemetry\parte0-JaegerCourseApp\src\main\java\com\futurex\services\FutureXCourseApp\OpenTelemetryConfig.java. Using fallback presentation compiler.
2026.05.11 12:01:10 WARN  Running javac-semanticdb failed for file:///C:/Users/nicol/Downloads/OpenTelemetry%202/OpenTelemetry/parte0-JaegerCourseApp/src/main/java/com/futurex/services/FutureXCourseApp/OpenTelemetryConfig.java. Output:

2026.05.11 12:01:10 INFO  no build target found for C:\Users\nicol\Downloads\OpenTelemetry 2\OpenTelemetry\parte0-JaegerCourseApp\src\main\java\com\futurex\services\FutureXCourseApp\OpenTelemetryConfig.java. Using fallback presentation compiler.
2026.05.11 12:01:10 INFO  no build target found for C:\Users\nicol\Downloads\OpenTelemetry 2\OpenTelemetry\parte0-JaegerCourseApp\src\main\java\com\futurex\services\FutureXCourseApp\OpenTelemetryConfig.java. Using fallback presentation compiler.
2026.05.11 12:01:10 INFO  no build target found for C:\Users\nicol\Downloads\OpenTelemetry 2\OpenTelemetry\parte0-JaegerCourseApp\src\main\java\com\futurex\services\FutureXCourseApp\OpenTelemetryConfig.java. Using fallback presentation compiler.
2026.05.11 12:01:17 INFO  no build target found for C:\Users\nicol\Downloads\OpenTelemetry 2\OpenTelemetry\parte0-JaegerCourseApp\src\main\java\com\futurex\services\FutureXCourseApp\OpenTelemetryConfig.java. Using fallback presentation compiler.
2026.05.11 12:01:17 INFO  no build target found for C:\Users\nicol\Downloads\OpenTelemetry 2\OpenTelemetry\parte0-JaegerCourseApp\src\main\java\com\futurex\services\FutureXCourseApp\OpenTelemetryConfig.java. Using fallback presentation compiler.
2026.05.11 12:01:21 INFO  no build target found for C:\Users\nicol\Downloads\OpenTelemetry 2\OpenTelemetry\parte0-JaegerCourseApp\src\main\java\com\futurex\services\FutureXCourseApp\OpenTelemetryConfig.java. Using fallback presentation compiler.
2026.05.11 12:01:21 INFO  no build target found for C:\Users\nicol\Downloads\OpenTelemetry 2\OpenTelemetry\parte0-JaegerCourseApp\src\main\java\com\futurex\services\FutureXCourseApp\OpenTelemetryConfig.java. Using fallback presentation compiler.
2026.05.11 12:01:21 INFO  no build target found for C:\Users\nicol\Downloads\OpenTelemetry 2\OpenTelemetry\parte0-JaegerCourseApp\src\main\java\com\futurex\services\FutureXCourseApp\OpenTelemetryConfig.java. Using fallback presentation compiler.
2026.05.11 12:03:26 INFO  no build target found for C:\Users\nicol\Downloads\OpenTelemetry 2\OpenTelemetry\parte0-JaegerCourseApp\src\main\java\com\futurex\services\FutureXCourseApp\OpenTelemetryConfig.java. Using fallback presentation compiler.
2026.05.11 12:03:26 INFO  no build target found for C:\Users\nicol\Downloads\OpenTelemetry 2\OpenTelemetry\parte0-JaegerCourseApp\src\main\java\com\futurex\services\FutureXCourseApp\OpenTelemetryConfig.java. Using fallback presentation compiler.
may. 11, 2026 12:03:26 P. M. org.eclipse.lsp4j.jsonrpc.RemoteEndpoint handleCancellation
WARNING: Unmatched cancel notification for request id 149
2026.05.11 12:15:42 INFO  no build target found for C:\Users\nicol\Downloads\OpenTelemetry 2\OpenTelemetry\parte0-JaegerCourseApp\src\main\java\com\futurex\services\FutureXCourseApp\OpenTelemetryConfig.java. Using fallback presentation compiler.
2026.05.11 12:17:59 INFO  no build target found for C:\Users\nicol\Downloads\OpenTelemetry 2\OpenTelemetry\parte0-JaegerCourseApp\src\main\java\com\futurex\services\FutureXCourseApp\OpenTelemetryConfig.java. Using fallback presentation compiler.
2026.05.11 12:22:26 INFO  no build target found for C:\Users\nicol\Downloads\OpenTelemetry 2\OpenTelemetry\parte0-JaegerCourseApp\src\main\java\com\futurex\services\FutureXCourseApp\OpenTelemetryConfig.java. Using fallback presentation compiler.
2026.05.11 12:30:18 INFO  no build target found for C:\Users\nicol\Downloads\OpenTelemetry 2\OpenTelemetry\parte0-JaegerCourseApp\src\main\java\com\futurex\services\FutureXCourseApp\OpenTelemetryConfig.java. Using fallback presentation compiler.
2026.05.11 12:30:18 WARN  no build target for: C:\Users\nicol\Downloads\OpenTelemetry 2\OpenTelemetry\parte0-JaegerCourseApp\src\main\java\com\futurex\services\FutureXCourseApp\OpenTelemetryConfig.java
2026.05.11 12:30:18 INFO  no build target found for C:\Users\nicol\Downloads\OpenTelemetry 2\OpenTelemetry\parte0-JaegerCourseApp\src\main\java\com\futurex\services\FutureXCourseApp\OpenTelemetryConfig.java. Using fallback presentation compiler.
2026.05.11 12:30:18 WARN  Running javac-semanticdb failed for file:///C:/Users/nicol/Downloads/OpenTelemetry%202/OpenTelemetry/parte0-JaegerCourseApp/src/main/java/com/futurex/services/FutureXCourseApp/OpenTelemetryConfig.java. Output:

2026.05.11 12:30:23 INFO  no build target found for C:\Users\nicol\Downloads\OpenTelemetry 2\OpenTelemetry\parte0-JaegerCourseApp\src\main\java\com\futurex\services\FutureXCourseApp\OpenTelemetryConfig.java. Using fallback presentation compiler.
2026.05.11 12:30:23 INFO  no build target found for C:\Users\nicol\Downloads\OpenTelemetry 2\OpenTelemetry\parte0-JaegerCourseApp\src\main\java\com\futurex\services\FutureXCourseApp\OpenTelemetryConfig.java. Using fallback presentation compiler.
2026.05.11 12:34:35 INFO  no build target found for C:\Users\nicol\Downloads\OpenTelemetry 2\OpenTelemetry\parte0-JaegerCourseApp\src\main\java\com\futurex\services\FutureXCourseApp\OpenTelemetryConfig.java. Using fallback presentation compiler.
2026.05.11 12:34:35 INFO  no build target found for C:\Users\nicol\Downloads\OpenTelemetry 2\OpenTelemetry\parte0-JaegerCourseApp\src\main\java\com\futurex\services\FutureXCourseApp\OpenTelemetryConfig.java. Using fallback presentation compiler.
2026.05.11 12:34:35 INFO  no build target found for C:\Users\nicol\Downloads\OpenTelemetry 2\OpenTelemetry\parte0-JaegerCourseApp\src\main\java\com\futurex\services\FutureXCourseApp\OpenTelemetryConfig.java. Using fallback presentation compiler.
2026.05.11 12:34:36 INFO  no build target found for C:\Users\nicol\Downloads\OpenTelemetry 2\OpenTelemetry\parte0-JaegerCourseApp\src\main\java\com\futurex\services\FutureXCourseApp\OpenTelemetryConfig.java. Using fallback presentation compiler.
2026.05.11 12:35:02 INFO  no build target found for C:\Users\nicol\Downloads\OpenTelemetry 2\OpenTelemetry\parte0-JaegerCourseApp\src\main\java\com\futurex\services\FutureXCourseApp\OpenTelemetryConfig.java. Using fallback presentation compiler.
2026.05.11 12:35:02 INFO  no build target found for C:\Users\nicol\Downloads\OpenTelemetry 2\OpenTelemetry\parte0-JaegerCourseApp\src\main\java\com\futurex\services\FutureXCourseApp\OpenTelemetryConfig.java. Using fallback presentation compiler.
2026.05.11 12:35:04 INFO  no build target found for C:\Users\nicol\Downloads\OpenTelemetry 2\OpenTelemetry\parte0-JaegerCourseApp\src\main\java\com\futurex\services\FutureXCourseApp\OpenTelemetryConfig.java. Using fallback presentation compiler.
2026.05.11 12:35:04 INFO  no build target found for C:\Users\nicol\Downloads\OpenTelemetry 2\OpenTelemetry\parte0-JaegerCourseApp\src\main\java\com\futurex\services\FutureXCourseApp\OpenTelemetryConfig.java. Using fallback presentation compiler.
may. 11, 2026 12:35:04 P. M. org.eclipse.lsp4j.jsonrpc.RemoteEndpoint handleCancellation
WARNING: Unmatched cancel notification for request id 203
2026.05.11 12:35:04 INFO  no build target found for C:\Users\nicol\Downloads\OpenTelemetry 2\OpenTelemetry\parte0-JaegerCourseApp\src\main\java\com\futurex\services\FutureXCourseApp\OpenTelemetryConfig.java. Using fallback presentation compiler.
2026.05.11 12:35:04 INFO  no build target found for C:\Users\nicol\Downloads\OpenTelemetry 2\OpenTelemetry\parte0-JaegerCourseApp\src\main\java\com\futurex\services\FutureXCourseApp\OpenTelemetryConfig.java. Using fallback presentation compiler.
may. 11, 2026 12:35:04 P. M. org.eclipse.lsp4j.jsonrpc.RemoteEndpoint handleCancellation
WARNING: Unmatched cancel notification for request id 205
2026.05.11 12:35:05 INFO  no build target found for C:\Users\nicol\Downloads\OpenTelemetry 2\OpenTelemetry\parte0-JaegerCourseApp\src\main\java\com\futurex\services\FutureXCourseApp\OpenTelemetryConfig.java. Using fallback presentation compiler.
2026.05.11 12:35:05 INFO  no build target found for C:\Users\nicol\Downloads\OpenTelemetry 2\OpenTelemetry\parte0-JaegerCourseApp\src\main\java\com\futurex\services\FutureXCourseApp\OpenTelemetryConfig.java. Using fallback presentation compiler.
may. 11, 2026 12:35:06 P. M. org.eclipse.lsp4j.jsonrpc.RemoteEndpoint handleCancellation
WARNING: Unmatched cancel notification for request id 207
2026.05.11 12:35:05 INFO  no build target found for C:\Users\nicol\Downloads\OpenTelemetry 2\OpenTelemetry\parte0-JaegerCourseApp\src\main\java\com\futurex\services\FutureXCourseApp\OpenTelemetryConfig.java. Using fallback presentation compiler.
2026.05.11 12:35:05 INFO  no build target found for C:\Users\nicol\Downloads\OpenTelemetry 2\OpenTelemetry\parte0-JaegerCourseApp\src\main\java\com\futurex\services\FutureXCourseApp\OpenTelemetryConfig.java. Using fallback presentation compiler.
may. 11, 2026 12:35:06 P. M. org.eclipse.lsp4j.jsonrpc.RemoteEndpoint handleCancellation
WARNING: Unmatched cancel notification for request id 209
2026.05.11 12:35:05 INFO  no build target found for C:\Users\nicol\Downloads\OpenTelemetry 2\OpenTelemetry\parte0-JaegerCourseApp\src\main\java\com\futurex\services\FutureXCourseApp\OpenTelemetryConfig.java. Using fallback presentation compiler.
2026.05.11 12:35:10 INFO  no build target found for C:\Users\nicol\Downloads\OpenTelemetry 2\OpenTelemetry\parte0-JaegerCourseApp\src\main\java\com\futurex\services\FutureXCourseApp\OpenTelemetryConfig.java. Using fallback presentation compiler.
2026.05.11 12:35:10 INFO  no build target found for C:\Users\nicol\Downloads\OpenTelemetry 2\OpenTelemetry\parte0-JaegerCourseApp\src\main\java\com\futurex\services\FutureXCourseApp\OpenTelemetryConfig.java. Using fallback presentation compiler.
may. 11, 2026 12:35:10 P. M. org.eclipse.lsp4j.jsonrpc.RemoteEndpoint handleCancellation
WARNING: Unmatched cancel notification for request id 212
2026.05.11 12:35:11 INFO  no build target found for C:\Users\nicol\Downloads\OpenTelemetry 2\OpenTelemetry\parte0-JaegerCourseApp\src\main\java\com\futurex\services\FutureXCourseApp\OpenTelemetryConfig.java. Using fallback presentation compiler.
2026.05.11 12:36:11 INFO  no build target found for C:\Users\nicol\Downloads\OpenTelemetry 2\OpenTelemetry\parte0-JaegerCourseApp\src\main\java\com\futurex\services\FutureXCourseApp\OpenTelemetryConfig.java. Using fallback presentation compiler.
2026.05.11 12:36:58 INFO  no build target found for C:\Users\nicol\Downloads\OpenTelemetry 2\OpenTelemetry\parte0-JaegerCourseApp\src\main\java\com\futurex\services\FutureXCourseApp\OpenTelemetryConfig.java. Using fallback presentation compiler.
2026.05.11 12:37:03 INFO  Shutting down server
2026.05.11 12:37:03 INFO  Memory monitor stopped
2026.05.11 12:37:03 INFO  shutting down Metals
2026.05.11 12:37:03 INFO  Exiting server
2026.05.24 17:00:46 INFO  Started: Metals version 1.6.7 in folders 'C:\Users\Miguel Angel\Documents\Microservicios\OpenTelemetry' for client Windsurf 1.110.1.
2026.05.24 17:00:46 INFO  Memory monitor started
2026.05.24 17:00:47 WARN  Using H2 2.4.240 which is newer than the version Flyway has been verified with. The latest verified version of H2 is 2.3.232.
2026.05.24 17:01:03 WARN  no build target for: C:\Users\Miguel Angel\Documents\Microservicios\OpenTelemetry\parte0-JaegerCourseApp\src\main\java\com\futurex\services\FutureXCourseApp\OpenTelemetryConfig.java
2026.05.24 17:01:03 WARN  no build target for: C:\Users\Miguel Angel\Documents\Microservicios\OpenTelemetry\part0-JaegerCourseCatalog\src\main\java\com\futurex\services\FutureXCourseCatalog\OpenTelemetryConfig.java
2026.05.24 17:01:04 INFO  no build target found for C:\Users\Miguel Angel\Documents\Microservicios\OpenTelemetry\part0-JaegerCourseCatalog\src\main\java\com\futurex\services\FutureXCourseCatalog\OpenTelemetryConfig.java. Using fallback presentation compiler.
2026.05.24 17:01:04 WARN  no build target for: C:\Users\Miguel Angel\Documents\Microservicios\OpenTelemetry\part0-JaegerCourseCatalog\src\main\java\com\futurex\services\FutureXCourseCatalog\OpenTelemetryConfig.java
2026.05.24 17:01:05 WARN  Running javac-semanticdb failed for file:///C:/Users/Miguel%20Angel/Documents/Microservicios/OpenTelemetry/parte0-JaegerCourseApp/src/main/java/com/futurex/services/FutureXCourseApp/OpenTelemetryConfig.java. Output:

2026.05.24 17:01:05 WARN  Running javac-semanticdb failed for file:///C:/Users/Miguel%20Angel/Documents/Microservicios/OpenTelemetry/part0-JaegerCourseCatalog/src/main/java/com/futurex/services/FutureXCourseCatalog/OpenTelemetryConfig.java. Output:

2026.05.24 17:01:39 WARN  no build target for: C:\Users\Miguel Angel\Documents\Microservicios\OpenTelemetry\parte0-JaegerCourseApp\src\main\java\com\futurex\services\FutureXCourseApp\CourseController.java
2026.05.24 17:01:39 WARN  Running javac-semanticdb failed for file:///C:/Users/Miguel%20Angel/Documents/Microservicios/OpenTelemetry/parte0-JaegerCourseApp/src/main/java/com/futurex/services/FutureXCourseApp/CourseController.java. Output:

2026.05.24 17:01:39 INFO  no build target found for C:\Users\Miguel Angel\Documents\Microservicios\OpenTelemetry\parte0-JaegerCourseApp\src\main\java\com\futurex\services\FutureXCourseApp\CourseController.java. Using fallback presentation compiler.
2026.05.24 17:01:39 WARN  no build target for: C:\Users\Miguel Angel\Documents\Microservicios\OpenTelemetry\parte0-JaegerCourseApp\src\main\java\com\futurex\services\FutureXCourseApp\CourseController.java
2026.05.24 17:01:39 WARN  Running javac-semanticdb failed for file:///C:/Users/Miguel%20Angel/Documents/Microservicios/OpenTelemetry/parte0-JaegerCourseApp/src/main/java/com/futurex/services/FutureXCourseApp/CourseController.java. Output:

2026.05.24 17:02:05 WARN  no build target for: C:\Users\Miguel Angel\Documents\Microservicios\OpenTelemetry\part0-JaegerCourseCatalog\src\main\java\com\futurex\services\FutureXCourseCatalog\CatalogController.java
2026.05.24 17:02:05 WARN  Running javac-semanticdb failed for file:///C:/Users/Miguel%20Angel/Documents/Microservicios/OpenTelemetry/part0-JaegerCourseCatalog/src/main/java/com/futurex/services/FutureXCourseCatalog/CatalogController.java. Output:

2026.05.24 17:02:05 INFO  no build target found for C:\Users\Miguel Angel\Documents\Microservicios\OpenTelemetry\part0-JaegerCourseCatalog\src\main\java\com\futurex\services\FutureXCourseCatalog\CatalogController.java. Using fallback presentation compiler.
2026.05.24 17:02:05 WARN  no build target for: C:\Users\Miguel Angel\Documents\Microservicios\OpenTelemetry\part0-JaegerCourseCatalog\src\main\java\com\futurex\services\FutureXCourseCatalog\CatalogController.java
2026.05.24 17:02:05 WARN  Running javac-semanticdb failed for file:///C:/Users/Miguel%20Angel/Documents/Microservicios/OpenTelemetry/part0-JaegerCourseCatalog/src/main/java/com/futurex/services/FutureXCourseCatalog/CatalogController.java. Output:

2026.05.24 17:04:08 WARN  no build target for: C:\Users\Miguel Angel\Documents\Microservicios\OpenTelemetry\OpenTelemetryConfig.java
2026.05.24 17:04:08 WARN  Running javac-semanticdb failed for file:///C:/Users/Miguel%20Angel/Documents/Microservicios/OpenTelemetry/OpenTelemetryConfig.java. Output:

2026.05.24 17:04:08 INFO  no build target found for C:\Users\Miguel Angel\Documents\Microservicios\OpenTelemetry\OpenTelemetryConfig.java. Using fallback presentation compiler.
2026.05.24 17:04:08 WARN  no build target for: C:\Users\Miguel Angel\Documents\Microservicios\OpenTelemetry\OpenTelemetryConfig.java
2026.05.24 17:04:08 WARN  Running javac-semanticdb failed for file:///C:/Users/Miguel%20Angel/Documents/Microservicios/OpenTelemetry/OpenTelemetryConfig.java. Output:

2026.05.24 17:06:08 INFO  no build target found for C:\Users\Miguel Angel\Documents\Microservicios\OpenTelemetry\parte0-JaegerCourseApp\src\main\java\com\futurex\services\FutureXCourseApp\OpenTelemetryConfig.java. Using fallback presentation compiler.
2026.05.24 17:06:08 INFO  no build target found for C:\Users\Miguel Angel\Documents\Microservicios\OpenTelemetry\part0-JaegerCourseCatalog\src\main\java\com\futurex\services\FutureXCourseCatalog\OpenTelemetryConfig.java. Using fallback presentation compiler.
2026.05.24 17:06:08 INFO  no build target found for C:\Users\Miguel Angel\Documents\Microservicios\OpenTelemetry\parte0-JaegerCourseApp\src\main\java\com\futurex\services\FutureXCourseApp\CourseController.java. Using fallback presentation compiler.
2026.05.24 17:06:08 INFO  no build target found for C:\Users\Miguel Angel\Documents\Microservicios\OpenTelemetry\part0-JaegerCourseCatalog\src\main\java\com\futurex\services\FutureXCourseCatalog\CatalogController.java. Using fallback presentation compiler.
2026.05.24 17:06:08 INFO  no build target found for C:\Users\Miguel Angel\Documents\Microservicios\OpenTelemetry\OpenTelemetryConfig.java. Using fallback presentation compiler.
2026.05.24 17:18:16 WARN  no build target for: C:\Users\Miguel Angel\Documents\Microservicios\OpenTelemetry\parte0-JaegerCourseApp\src\main\java\com\futurex\services\FutureXCourseApp\OpenTelemetryConfig.java
2026.05.24 17:18:16 INFO  no build target found for C:\Users\Miguel Angel\Documents\Microservicios\OpenTelemetry\parte0-JaegerCourseApp\src\main\java\com\futurex\services\FutureXCourseApp\OpenTelemetryConfig.java. Using fallback presentation compiler.
2026.05.24 17:18:16 WARN  no build target for: C:\Users\Miguel Angel\Documents\Microservicios\OpenTelemetry\parte0-JaegerCourseApp\src\main\java\com\futurex\services\FutureXCourseApp\OpenTelemetryConfig.java
2026.05.24 17:18:16 WARN  Running javac-semanticdb failed for file:///C:/Users/Miguel%20Angel/Documents/Microservicios/OpenTelemetry/parte0-JaegerCourseApp/src/main/java/com/futurex/services/FutureXCourseApp/OpenTelemetryConfig.java. Output:

2026.05.24 17:18:16 WARN  Running javac-semanticdb failed for file:///C:/Users/Miguel%20Angel/Documents/Microservicios/OpenTelemetry/parte0-JaegerCourseApp/src/main/java/com/futurex/services/FutureXCourseApp/OpenTelemetryConfig.java. Output:

2026.05.24 17:18:39 WARN  no build target for: C:\Users\Miguel Angel\Documents\Microservicios\OpenTelemetry\part0-JaegerCourseCatalog\src\main\java\com\futurex\services\FutureXCourseCatalog\OpenTelemetryConfig.java
2026.05.24 17:18:39 WARN  Running javac-semanticdb failed for file:///C:/Users/Miguel%20Angel/Documents/Microservicios/OpenTelemetry/part0-JaegerCourseCatalog/src/main/java/com/futurex/services/FutureXCourseCatalog/OpenTelemetryConfig.java. Output:

2026.05.24 17:18:39 INFO  no build target found for C:\Users\Miguel Angel\Documents\Microservicios\OpenTelemetry\part0-JaegerCourseCatalog\src\main\java\com\futurex\services\FutureXCourseCatalog\OpenTelemetryConfig.java. Using fallback presentation compiler.
2026.05.24 17:18:39 WARN  no build target for: C:\Users\Miguel Angel\Documents\Microservicios\OpenTelemetry\part0-JaegerCourseCatalog\src\main\java\com\futurex\services\FutureXCourseCatalog\OpenTelemetryConfig.java
2026.05.24 17:18:39 WARN  Running javac-semanticdb failed for file:///C:/Users/Miguel%20Angel/Documents/Microservicios/OpenTelemetry/part0-JaegerCourseCatalog/src/main/java/com/futurex/services/FutureXCourseCatalog/OpenTelemetryConfig.java. Output:

2026.05.24 17:37:04 INFO  no build target found for C:\Users\Miguel Angel\Documents\Microservicios\OpenTelemetry\parte0-JaegerCourseApp\src\main\java\com\futurex\services\FutureXCourseApp\OpenTelemetryConfig.java. Using fallback presentation compiler.
2026.05.24 17:37:04 INFO  no build target found for C:\Users\Miguel Angel\Documents\Microservicios\OpenTelemetry\part0-JaegerCourseCatalog\src\main\java\com\futurex\services\FutureXCourseCatalog\OpenTelemetryConfig.java. Using fallback presentation compiler.
2026.05.24 17:57:01 INFO  Started: Metals version 1.6.7 in folders 'C:\Users\Miguel Angel\Documents\Microservicios\OpenTelemetry' for client Windsurf 1.110.1.
2026.05.24 17:57:01 INFO  Memory monitor started
2026.05.24 17:57:07 WARN  Using H2 2.4.240 which is newer than the version Flyway has been verified with. The latest verified version of H2 is 2.3.232.
